{
  "exclude": {
    "files": "^.secrets.baseline$",
    "lines": null
  },
  "generated_at": "2025-12-02T14:47:47Z",
  "plugins_used": [
    {
      "name": "AWSKeyDetector"
    },
    {
      "name": "ArtifactoryDetector"
    },
    {
      "name": "AzureStorageKeyDetector"
    },
    {
      "base64_limit": 4.5,
      "name": "Base64HighEntropyString"
    },
    {
      "name": "BasicAuthDetector"
    },
    {
      "name": "BoxDetector"
    },
    {
      "name": "CloudantDetector"
    },
    {
      "ghe_instance": "github.ibm.com",
      "name": "GheDetector"
    },
    {
      "name": "GitHubTokenDetector"
    },
    {
      "hex_limit": 3,
      "name": "HexHighEntropyString"
    },
    {
      "name": "IbmCloudIamDetector"
    },
    {
      "name": "IbmCosHmacDetector"
    },
    {
      "name": "JwtTokenDetector"
    },
    {
      "keyword_exclude": null,
      "name": "KeywordDetector"
    },
    {
      "name": "MailchimpDetector"
    },
    {
      "name": "NpmDetector"
    },
    {
      "name": "PrivateKeyDetector"
    },
    {
      "name": "SlackDetector"
    },
    {
      "name": "SoftlayerDetector"
    },
    {
      "name": "SquareOAuthDetector"
    },
    {
      "name": "StripeDetector"
    },
    {
      "name": "TwilioKeyDetector"
    }
  ],
  "results": {
    "docs/use.html": [
      {
        "hashed_secret": "93f64017194ac1d984f80fc133f60bb9ec09215a",
        "is_secret": false,
        "is_verified": false,
        "line_number": 257,
        "type": "Secret Keyword",
        "verified_result": null
      }
    ],
    "src/common/credentials.ts": [
      {
        "hashed_secret": "4fdd5965610b5c677c761fc360e8808bb3a63ba6",
        "is_secret": false,
        "is_verified": false,
        "line_number": 22,
        "type": "Secret Keyword",
        "verified_result": null
      },
      {
        "hashed_secret": "5f1d08114a4e056b78b0348df0bfa07d8fd12ab9",
        "is_secret": false,
        "is_verified": false,
        "line_number": 39,
        "type": "Secret Keyword",
        "verified_result": null
      }
    ],
    "src/functions/client.ts": [
      {
        "hashed_secret": "fab984cc5d7c6c78e0ad02f3f1a83bbc9d508b59",
        "is_secret": false,
        "is_verified": false,
        "line_number": 13,
        "type": "Secret Keyword",
        "verified_result": null
      },
      {
        "hashed_secret": "30118aa1aa8a06fa5365743b3a5db69fc62b9760",
        "is_secret": false,
        "is_verified": false,
        "line_number": 15,
        "type": "Secret Keyword",
        "verified_result": null
      },
      {
        "hashed_secret": "8b23dd6819f1f58e876d6f118074885453709ebb",
        "is_secret": false,
        "is_verified": false,
        "line_number": 27,
        "type": "Secret Keyword",
        "verified_result": null
      }
    ],
    "src/taskpane/taskpane.ts": [
      {
        "hashed_secret": "fab984cc5d7c6c78e0ad02f3f1a83bbc9d508b59",
        "is_secret": false,
        "is_verified": false,
        "line_number": 126,
        "type": "Secret Keyword",
        "verified_result": null
      }
    ],
    "test/api-types-loader.test.ts": [
      {
        "hashed_secret": "3acfb2c2b433c0ea7ff107e33df91b18e52f960f",
        "is_secret": false,
        "is_verified": false,
        "line_number": 24,
        "type": "Secret Keyword",
        "verified_result": null
      }
    ],
    "test/area-loader.test.ts": [
      {
        "hashed_secret": "3acfb2c2b433c0ea7ff107e33df91b18e52f960f",
        "is_secret": false,
        "is_verified": false,
        "line_number": 14,
        "type": "Secret Keyword",
        "verified_result": null
      }
    ]
  },
  "version": "0.13.1+ibm.62.dss",
  "word_list": {
    "file": null,
    "hash": null
  }
}
